\BOOKMARK [1][-]{section.1}{\376\377\133\236\232\214\166\356\166\204}{}% 1
\BOOKMARK [1][-]{section.2}{\376\377\133\236\232\214\163\257\130\203}{}% 2
\BOOKMARK [1][-]{section.3}{\376\377\000q\0000\0005\377\032\143\247\122\066\116\000\116\052\123\357\156\005\164\006\166\204\124\016\123\360\116\373\122\241}{}% 3
\BOOKMARK [2][-]{subsection.3.1}{\376\377\230\230\166\356\211\201\154\102}{section.3}% 4
\BOOKMARK [2][-]{subsection.3.2}{\376\377\133\236\232\214\153\145\232\244}{section.3}% 5
\BOOKMARK [2][-]{subsection.3.3}{\376\377\217\320\210\114\176\323\147\234\116\016\142\052\126\376}{section.3}% 6
\BOOKMARK [2][-]{subsection.3.4}{\376\377\176\323\147\234\122\006\147\220}{section.3}% 7
\BOOKMARK [1][-]{section.4}{\376\377\000q\0000\0006\377\032\213\355\116\111\221\315\147\204\116\016\147\054\127\060\137\000\123\321\123\315\231\210}{}% 8
\BOOKMARK [2][-]{subsection.4.1}{\376\377\230\230\166\356\211\201\154\102}{section.4}% 9
\BOOKMARK [2][-]{subsection.4.2}{\376\377\133\236\232\214\153\145\232\244}{section.4}% 10
\BOOKMARK [2][-]{subsection.4.3}{\376\377\217\320\210\114\176\323\147\234\116\016\142\052\126\376}{section.4}% 11
\BOOKMARK [2][-]{subsection.4.4}{\376\377\176\323\147\234\122\006\147\220}{section.4}% 12
\BOOKMARK [1][-]{section.5}{\376\377\000q\0000\0007\377\032\165\050\214\003\213\325\126\150\133\232\117\115\137\122\136\166\143\222\136\217\177\072\226\167}{}% 13
\BOOKMARK [2][-]{subsection.5.1}{\376\377\230\230\166\356\211\201\154\102}{section.5}% 14
\BOOKMARK [2][-]{subsection.5.2}{\376\377\133\236\232\214\153\145\232\244}{section.5}% 15
\BOOKMARK [2][-]{subsection.5.3}{\376\377\217\320\210\114\176\323\147\234\116\016\142\052\126\376}{section.5}% 16
\BOOKMARK [2][-]{subsection.5.4}{\376\377\176\323\147\234\122\006\147\220}{section.5}% 17
\BOOKMARK [1][-]{section.6}{\376\377\000q\0000\0008\377\032\121\110\155\113\221\317\377\014\121\215\117\030\123\026\141\142\220\037\213\315\230\221\172\013\136\217}{}% 18
\BOOKMARK [2][-]{subsection.6.1}{\376\377\230\230\166\356\211\201\154\102}{section.6}% 19
\BOOKMARK [2][-]{subsection.6.2}{\376\377\133\236\232\214\153\145\232\244}{section.6}% 20
\BOOKMARK [2][-]{subsection.6.3}{\376\377\217\320\210\114\176\323\147\234\116\016\142\052\126\376}{section.6}% 21
\BOOKMARK [2][-]{subsection.6.4}{\376\377\176\323\147\234\122\006\147\220}{section.6}% 22
\BOOKMARK [1][-]{section.7}{\376\377\213\376\124\016\176\303\116\140}{}% 23
\BOOKMARK [2][-]{subsection.7.1}{\376\377\124\175\116\344\210\114\176\303\116\140}{section.7}% 24
\BOOKMARK [3][-]{subsubsection.7.1.1}{\376\377\0001\000.\000\040\040\023\000\040\166\204\117\134\165\050\116\016\145\207\116\366\144\315\117\134}{subsection.7.1}% 25
\BOOKMARK [3][-]{subsubsection.7.1.2}{\376\377\0002\000.\000\040\000l\000s\000\040\136\070\165\050\123\302\145\160\176\304\124\010}{subsection.7.1}% 26
\BOOKMARK [3][-]{subsubsection.7.1.3}{\376\377\0003\000.\000\040\217\333\172\013\146\377\143\142\116\016\000\040\000d\000i\000f\000f\000\040\153\324\217\203\163\257\130\203\123\330\221\317}{subsection.7.1}% 27
\BOOKMARK [2][-]{subsection.7.2}{\376\377\000S\000S\000H\000\040\217\334\172\013\137\000\123\321}{section.7}% 28
\BOOKMARK [2][-]{subsection.7.3}{\376\377\000V\000i\000m\000\040\000m\000o\000d\000e\000\040\116\016\177\026\217\221\126\150\145\110\163\207}{section.7}% 29
\BOOKMARK [3][-]{subsubsection.7.3.1}{\376\377\127\050\136\070\165\050\217\157\116\366\116\055\124\057\165\050\000\040\000V\000i\000m\000\040\000m\000o\000d\000e}{subsection.7.3}% 30
\BOOKMARK [3][-]{subsubsection.7.3.2}{\376\377\116\000\116\052\147\010\123\352\215\160\000\040\000V\000i\000m\000\040\000m\000o\000d\000e}{subsection.7.3}% 31
\BOOKMARK [3][-]{subsubsection.7.3.3}{\376\377\133\214\142\020\116\000\220\123\000\040\000V\000i\000m\000G\000o\000l\000f\000\040\136\166\176\331\230\171\166\356\221\115\000\040\000I\000D\000E\000\040\142\151\134\125\000\040\000+\000\040\000L\000S\000P}{subsection.7.3}% 32
\BOOKMARK [2][-]{subsection.7.4}{\376\377\214\003\213\325\116\016\140\047\200\375\135\345\121\167\213\376\172\013\176\303\116\140}{section.7}% 33
\BOOKMARK [1][-]{section.8}{\376\377\116\343\170\001\116\016\116\323\136\223}{}% 34
\BOOKMARK [2][-]{subsection.8.1}{\376\377\000G\000i\000t\000\040\143\320\116\244\213\260\137\125}{section.8}% 35
\BOOKMARK [1][-]{section.9}{\376\377\176\323\213\272}{}% 36
